// Vitest Snapshot v1, https://vitest.dev/guide/snapshot.html

exports[`APIs > snapshot: cpi-admin persona > matches structural snapshot 1`] = `
{
  "buttons": [
    "Create API",
    "Edit",
    "Delete",
    "Edit",
    "Delete",
  ],
  "headings": [],
  "links": [
    {
      "href": "/apis/oasis-gunters/payment-api",
      "text": "Open Lifecycle",
    },
    {
      "href": "/apis/oasis-gunters/user-api",
      "text": "Open Lifecycle",
    },
  ],
}
`;

exports[`APIs > snapshot: devops persona > matches structural snapshot 1`] = `
{
  "buttons": [
    "Create API",
    "Edit",
    "Delete",
    "Edit",
    "Delete",
  ],
  "headings": [],
  "links": [
    {
      "href": "/apis/oasis-gunters/payment-api",
      "text": "Open Lifecycle",
    },
    {
      "href": "/apis/oasis-gunters/user-api",
      "text": "Open Lifecycle",
    },
  ],
}
`;

exports[`APIs > snapshot: tenant-admin persona > matches structural snapshot 1`] = `
{
  "buttons": [
    "Create API",
    "Edit",
    "Delete",
    "Edit",
    "Delete",
  ],
  "headings": [],
  "links": [
    {
      "href": "/apis/oasis-gunters/payment-api",
      "text": "Open Lifecycle",
    },
    {
      "href": "/apis/oasis-gunters/user-api",
      "text": "Open Lifecycle",
    },
  ],
}
`;

exports[`APIs > snapshot: viewer persona > matches structural snapshot 1`] = `
{
  "buttons": [
    "Create API",
    "Edit",
    "Delete",
    "Edit",
    "Delete",
  ],
  "headings": [],
  "links": [
    {
      "href": "/apis/oasis-gunters/payment-api",
      "text": "Open Lifecycle",
    },
    {
      "href": "/apis/oasis-gunters/user-api",
      "text": "Open Lifecycle",
    },
  ],
}
`;
