// Vitest Snapshot v1, https://vitest.dev/guide/snapshot.html

exports[`APIs > snapshot: cpi-admin persona > matches structural snapshot 1`] = `
{
  "buttons": [
    "Create API",
    "Deploy DEV",
    "Deploy STG",
    "Edit",
    "Delete",
    "Deploy DEV",
    "Deploy STG",
    "Edit",
    "Delete",
  ],
  "headings": [],
  "links": [],
}
`;

exports[`APIs > snapshot: devops persona > matches structural snapshot 1`] = `
{
  "buttons": [
    "Create API",
    "Deploy DEV",
    "Deploy STG",
    "Edit",
    "Delete",
    "Deploy DEV",
    "Deploy STG",
    "Edit",
    "Delete",
  ],
  "headings": [],
  "links": [],
}
`;

exports[`APIs > snapshot: tenant-admin persona > matches structural snapshot 1`] = `
{
  "buttons": [
    "Create API",
    "Deploy DEV",
    "Deploy STG",
    "Edit",
    "Delete",
    "Deploy DEV",
    "Deploy STG",
    "Edit",
    "Delete",
  ],
  "headings": [],
  "links": [],
}
`;

exports[`APIs > snapshot: viewer persona > matches structural snapshot 1`] = `
{
  "buttons": [
    "Create API",
    "Deploy DEV",
    "Deploy STG",
    "Edit",
    "Delete",
    "Deploy DEV",
    "Deploy STG",
    "Edit",
    "Delete",
  ],
  "headings": [],
  "links": [],
}
`;
