// Vitest Snapshot v1, https://vitest.dev/guide/snapshot.html

exports[`Subscriptions > snapshot: cpi-admin persona > matches structural snapshot 1`] = `
{
  "buttons": [
    "Pending(5)",
    "Active(30)",
    "Suspended(3)",
    "Revoked(2)",
    "Rejected(2)",
    "All(42)",
    "Approve",
    "Reject",
  ],
  "headings": [
    "Subscriptions",
  ],
  "links": [],
}
`;

exports[`Subscriptions > snapshot: devops persona > matches structural snapshot 1`] = `
{
  "buttons": [
    "Pending",
    "Active",
    "Suspended",
    "Revoked",
    "Rejected",
    "All",
  ],
  "headings": [
    "Subscriptions",
  ],
  "links": [],
}
`;

exports[`Subscriptions > snapshot: tenant-admin persona > matches structural snapshot 1`] = `
{
  "buttons": [
    "Pending",
    "Active",
    "Suspended",
    "Revoked",
    "Rejected",
    "All",
  ],
  "headings": [
    "Subscriptions",
  ],
  "links": [],
}
`;

exports[`Subscriptions > snapshot: viewer persona > matches structural snapshot 1`] = `
{
  "buttons": [
    "Pending(5)",
    "Active(30)",
    "Suspended(3)",
    "Revoked(2)",
    "Rejected(2)",
    "All(42)",
    "Approve",
    "Reject",
  ],
  "headings": [
    "Subscriptions",
  ],
  "links": [],
}
`;
