// Vitest Snapshot v1, https://vitest.dev/guide/snapshot.html

exports[`Subscriptions > snapshot: cpi-admin persona > matches structural snapshot 1`] = `
{
  "buttons": [
    "Pending",
    "Active",
    "Suspended",
    "Revoked",
    "Rejected",
    "All",
  ],
  "headings": [
    "Subscriptions",
  ],
  "links": [
    {
      "href": "/apis",
      "text": "APIs",
    },
    {
      "href": "/subscriptions",
      "text": "Subscriptions",
    },
    {
      "href": "/contracts",
      "text": "Contracts",
    },
  ],
}
`;

exports[`Subscriptions > snapshot: devops persona > matches structural snapshot 1`] = `
{
  "buttons": [
    "Pending",
    "Active",
    "Suspended",
    "Revoked",
    "Rejected",
    "All",
  ],
  "headings": [
    "Subscriptions",
  ],
  "links": [
    {
      "href": "/apis",
      "text": "APIs",
    },
    {
      "href": "/subscriptions",
      "text": "Subscriptions",
    },
    {
      "href": "/contracts",
      "text": "Contracts",
    },
  ],
}
`;

exports[`Subscriptions > snapshot: tenant-admin persona > matches structural snapshot 1`] = `
{
  "buttons": [
    "Pending",
    "Active",
    "Suspended",
    "Revoked",
    "Rejected",
    "All",
  ],
  "headings": [
    "Subscriptions",
  ],
  "links": [
    {
      "href": "/apis",
      "text": "APIs",
    },
    {
      "href": "/subscriptions",
      "text": "Subscriptions",
    },
    {
      "href": "/contracts",
      "text": "Contracts",
    },
  ],
}
`;

exports[`Subscriptions > snapshot: viewer persona > matches structural snapshot 1`] = `
{
  "buttons": [
    "Pending",
    "Active",
    "Suspended",
    "Revoked",
    "Rejected",
    "All",
  ],
  "headings": [
    "Subscriptions",
  ],
  "links": [
    {
      "href": "/apis",
      "text": "APIs",
    },
    {
      "href": "/subscriptions",
      "text": "Subscriptions",
    },
    {
      "href": "/contracts",
      "text": "Contracts",
    },
  ],
}
`;
