---
source: tests/contract/discovery.rs
assertion_line: 27
expression: json
---
{
  "capabilities": {
    "logging": {},
    "notifications": {
      "supported": true,
      "types": [
        "stoa.api.lifecycle",
        "stoa.deployment.events",
        "stoa.security.alerts",
        "stoa.subscription.events",
        "stoa.policy.changes"
      ]
    },
    "prompts": {
      "listChanged": true
    },
    "resources": {
      "listChanged": true,
      "subscribe": false
    },
    "tools": {
      "listChanged": true
    }
  },
  "protocolVersion": "2025-03-26",
  "serverInfo": {
    "name": "STOA Gateway",
    "protocolVersion": "2025-03-26",
    "version": "0.1.0"
  }
}
