// Vitest Snapshot v1, https://vitest.dev/guide/snapshot.html

exports[`ServiceAccountsPage — cpi-admin persona > matches structural snapshot 1`] = `
{
  "buttons": [
    "Create Service Account",
  ],
  "headings": [
    "Service Accounts",
    "How it works",
  ],
  "links": [],
}
`;

exports[`ServiceAccountsPage — devops persona > matches structural snapshot 1`] = `
{
  "buttons": [
    "Create Service Account",
  ],
  "headings": [
    "Service Accounts",
    "How it works",
  ],
  "links": [],
}
`;

exports[`ServiceAccountsPage — tenant-admin persona > matches structural snapshot 1`] = `
{
  "buttons": [
    "Create Service Account",
  ],
  "headings": [
    "Service Accounts",
    "How it works",
  ],
  "links": [],
}
`;

exports[`ServiceAccountsPage — viewer persona > matches structural snapshot 1`] = `
{
  "buttons": [
    "Create Service Account",
  ],
  "headings": [
    "Service Accounts",
    "How it works",
  ],
  "links": [],
}
`;
