---
source: src/config/tests.rs
expression: "Config::default()"
---
{
  "port": 8080,
  "host": "0.0.0.0",
  "jwt_secret": null,
  "jwt_issuer": null,
  "keycloak_url": null,
  "keycloak_realm": null,
  "keycloak_client_id": null,
  "keycloak_client_secret": null,
  "keycloak_admin_password": null,
  "keycloak_internal_url": null,
  "gateway_external_url": "http://localhost:8080",
  "control_plane_url": null,
  "control_plane_api_key": null,
  "admin_api_token": null,
  "gitlab_url": null,
  "gitlab_api_url": null,
  "gitlab_token": null,
  "gitlab_project_id": null,
  "github_token": null,
  "github_org": null,
  "github_catalog_repo": null,
  "github_gitops_repo": null,
  "github_webhook_secret": null,
  "git_provider": "gitlab",
  "rate_limit_default": 1000,
  "rate_limit_window_seconds": 60,
  "mcp_session_ttl_minutes": 30,
  "websocket_enabled": false,
  "ws_proxy_enabled": false,
  "ws_proxy_rate_limit_per_second": 100.0,
  "ws_proxy_rate_limit_burst": 50,
  "policy_path": null,
  "policy_enabled": true,
  "log_level": "info",
  "log_format": "json",
  "otel_endpoint": null,
  "otel_enabled": true,
  "otel_sample_rate": 1.0,
  "detailed_tracing": false,
  "proxy_metrics_enabled": true,
  "proxy_tracing_enabled": true,
  "gateway_mode": "edge-mcp",
  "zombie_detection_enabled": true,
  "agent_session_ttl_secs": 600,
  "attestation_interval": 100,
  "shadow_capture_source": null,
  "shadow_min_samples": 10,
  "shadow_gitlab_project": null,
  "environment": "dev",
  "auto_register": true,
  "advertise_url": null,
  "heartbeat_interval_secs": 30,
  "target_gateway_url": null,
  "gateway_public_url": null,
  "gateway_ui_url": null,
  "deployment_mode": null,
  "target_gateway_type": null,
  "topology": null,
  "topology_proof": null,
  "native_tools_enabled": true,
  "kafka_enabled": false,
  "kafka_brokers": "redpanda:9092",
  "kafka_metering_topic": "stoa.metering",
  "kafka_errors_topic": "stoa.errors",
  "kafka_deploy_progress_topic": "stoa.deployment.progress",
  "k8s_enabled": false,
  "kafka_cns_enabled": false,
  "kafka_cns_topics": "stoa.api.lifecycle,stoa.deployment.events,stoa.security.alerts,stoa.policy.changes",
  "kafka_cns_consumer_group": "stoa-gateway-cns",
  "mtls": {
    "enabled": false,
    "require_binding": true,
    "trusted_proxies": [],
    "allowed_issuers": [],
    "required_routes": [],
    "tenant_from_dn": true,
    "header_verify": "X-SSL-Client-Verify",
    "header_fingerprint": "X-SSL-Client-Fingerprint",
    "header_subject_dn": "X-SSL-Client-S-DN",
    "header_issuer_dn": "X-SSL-Client-I-DN",
    "header_serial": "X-SSL-Client-Serial",
    "header_not_before": "X-SSL-Client-NotBefore",
    "header_not_after": "X-SSL-Client-NotAfter",
    "header_cert": "X-SSL-Client-Cert"
  },
  "dpop": {
    "enabled": false,
    "required": false,
    "max_age_secs": 300,
    "clock_skew_secs": 30,
    "jti_cache_ttl_secs": 600,
    "jti_cache_max": 100000
  },
  "sender_constraint": {
    "enabled": false,
    "dpop_required": false,
    "mtls_required": false
  },
  "quota_enforcement_enabled": false,
  "quota_sync_interval_secs": 60,
  "quota_default_rate_per_minute": 60,
  "quota_default_daily_limit": 10000,
  "access_log_enabled": true,
  "route_reload_enabled": false,
  "route_reload_interval_secs": 30,
  "guardrails_pii_enabled": false,
  "guardrails_pii_redact": true,
  "guardrails_injection_enabled": false,
  "guardrails_content_filter_enabled": false,
  "prompt_guard_enabled": false,
  "prompt_guard_action": "block",
  "rag_injector_enabled": false,
  "rag_max_context_length": 4096,
  "rag_source_timeout_ms": 3000,
  "rag_max_chunks": 5,
  "token_budget_enabled": false,
  "token_budget_default_limit": 500000,
  "token_budget_window_hours": 1,
  "fallback_enabled": false,
  "fallback_chains": null,
  "fallback_timeout_ms": 5000,
  "classification_enforcement_enabled": false,
  "tool_refresh_ttl_secs": 300,
  "tool_max_staleness_secs": 1800,
  "tool_expansion_mode": "coarse",
  "cb_failure_threshold": 5,
  "cb_reset_timeout_secs": 30,
  "cb_success_threshold": 2,
  "skill_context_enabled": false,
  "skill_cache_ttl_secs": 300,
  "skill_context_max_bytes": 8192,
  "skill_context_header": "X-Skill-Context",
  "federation_enabled": false,
  "federation_cache_ttl_secs": 300,
  "federation_cache_max_entries": 10000,
  "federation_upstreams": [],
  "prompt_cache_max_entries": 1000,
  "prompt_cache_ttl_secs": 3600,
  "prompt_cache_watch_dir": null,
  "budget_enforcement_enabled": false,
  "budget_cache_ttl_secs": 60,
  "billing_api_url": null,
  "mcp_discovery_cache_ttl_secs": 300,
  "mcp_discovery_cache_max_entries": 256,
  "llm_enabled": false,
  "llm_default_timeout_ms": 30000,
  "llm_router": {
    "enabled": false,
    "default_strategy": "round_robin",
    "budget_limit_usd": 0.0,
    "providers": [],
    "subscription_mapping": {
      "map": {}
    }
  },
  "supervision_enabled": false,
  "supervision_webhook_url": null,
  "supervision_default_tier": "autopilot",
  "llm_proxy_enabled": false,
  "llm_proxy_upstream_url": "https://api.anthropic.com",
  "llm_proxy_api_key": null,
  "llm_proxy_timeout_secs": 300,
  "llm_proxy_metering_url": null,
  "llm_proxy_provider": null,
  "llm_proxy_mistral_api_key": null,
  "llm_proxy_mistral_upstream_url": "https://api.mistral.ai",
  "llm_proxy_skip_validation": false,
  "api_proxy": {
    "enabled": false,
    "require_auth": true,
    "backends": {}
  },
  "hegemon_enabled": false,
  "hegemon_budget_daily_usd": 50.0,
  "hegemon_budget_warn_pct": 0.8,
  "a2a_enabled": false,
  "a2a_max_agents": 1000,
  "a2a_max_tasks": 10000,
  "soap_proxy_enabled": false,
  "soap_bridge_enabled": false,
  "grpc_proxy_enabled": false,
  "grpc_bridge_enabled": false,
  "graphql_proxy_enabled": false,
  "graphql_bridge_enabled": false,
  "kafka_bridge_enabled": false,
  "plugin_sdk_enabled": false,
  "ip_blocklist": "",
  "ip_blocklist_file": null,
  "tcp_rate_limit_per_ip": null,
  "memory_limit_mb": 512,
  "snapshot_enabled": false,
  "snapshot_max_count": 100,
  "snapshot_max_age_secs": 3600,
  "snapshot_body_max_bytes": 4096,
  "snapshot_extra_pii_patterns": []
}
